98.219.225.112 - - [23/Oct/2014:19:26:15 -0400] "GET /scripts/37custom.css HTTP/1.1" 200 2490 "http://www.applehillplayhouse.org/2014mainstageauditions.html" "Mozilla/5.0 (compatible; MSIE 9.0; Windows NT 6.0; WOW64; Trident/5.0)"
98.219.225.112 - - [23/Oct/2014:19:26:16 -0400] "GET /images/doc_pdf.gif HTTP/1.1" 200 1002 "http://www.applehillplayhouse.org/2014mainstageauditions.html" "Mozilla/5.0 (compatible; MSIE 9.0; Windows NT 6.0; WOW64; Trident/5.0)"
202.46.63.152 - - [23/Oct/2014:19:46:30 -0400] "GET /rainbow HTTP/1.1" 404 575 "-" "Mozilla/5.0 (Windows; U; Windows NT 5.1; zh-CN; rv:1.9.1.2) Firefox/3.5.2"
66.249.65.142 - - [23/Oct/2014:19:50:33 -0400] "GET /2011childrensseason.html HTTP/1.1" 304 - "-" "Mozilla/5.0 (compatible; Googlebot/2.1; +http://www.google.com/bot.html)"
207.46.13.50 - - [23/Oct/2014:19:59:52 -0400] "GET /2013jactauditions.html HTTP/1.1" 200 14789 "-" "Mozilla/5.0 (compatible; bingbot/2.0; +http://www.bing.com/bingbot.htm)"
207.46.13.51 - - [23/Oct/2014:20:36:34 -0400] "GET /scripts/ic_globals_published.js HTTP/1.1" 200 566 "-" "Mozilla/5.0 (compatible; bingbot/2.0; +http://www.bing.com/bingbot.htm)"
157.55.39.208 - - [23/Oct/2014:21:03:18 -0400] "GET /2014childrensseason.html HTTP/1.1" 200 61472 "-" "Mozilla/5.0 (compatible; bingbot/2.0; +http://www.bing.com/bingbot.htm)"
157.55.39.208 - - [23/Oct/2014:21:03:18 -0400] "GET /theaterclasses.html HTTP/1.1" 200 21334 "-" "Mozilla/5.0 (compatible; bingbot/2.0; +http://www.bing.com/bingbot.htm)"
157.55.39.23 - - [23/Oct/2014:21:10:23 -0400] "GET /images/ADULT_ORDER_FORM_2014.pdf HTTP/1.1" 200 424549 "-" "Mozilla/5.0 (compatible; bingbot/2.0; +http://www.bing.com/bingbot.htm)"
157.55.39.23 - - [23/Oct/2014:22:04:22 -0400] "GET /scripts/20custom.css HTTP/1.1" 200 3403 "-" "Mozilla/5.0 (compatible; bingbot/2.0; +http://www.bing.com/bingbot.htm)"
157.55.39.208 - - [23/Oct/2014:22:09:36 -0400] "GET /images/011109_1120_0010_lsls.jpg HTTP/1.1" 200 3658 "-" "Mozilla/5.0 (compatible; bingbot/2.0; +http://www.bing.com/bingbot.htm)"
157.55.39.208 - - [23/Oct/2014:22:09:36 -0400] "GET /scripts/18custom.css HTTP/1.1" 200 1770 "-" "Mozilla/5.0 (compatible; bingbot/2.0; +http://www.bing.com/bingbot.htm)"
123.125.71.39 - - [23/Oct/2014:22:35:19 -0400] "GET /images/450_rick-dutrow-thumb.jpg HTTP/1.1" 200 26543 "http://image.baidu.com/i?ct=503316480&z=0&tn=baiduimagedetail" "Baiduspider-image+(+http://www.baidu.com/search/spider.htm)"
157.55.39.208 - - [23/Oct/2014:22:50:20 -0400] "GET /ticketinformation.html HTTP/1.1" 200 18432 "-" "Mozilla/5.0 (compatible; bingbot/2.0; +http://www.bing.com/bingbot.htm)"
66.249.65.6 - - [23/Oct/2014:23:19:28 -0400] "GET /images/2013_MAINSTAGE_ORDER_FORM.pdf HTTP/1.1" 200 423422 "-" "Mozilla/5.0 (iPhone; CPU iPhone OS 6_0 like Mac OS X) AppleWebKit/536.26 (KHTML, like Gecko) Version/6.0 Mobile/10A5376e Safari/8536.25 (compatible; Googlebot/2.1; +http://www.google.com/bot.html)"
66.249.65.142 - - [23/Oct/2014:00:14:23 -0400] "GET /2014mainstageauditions.html HTTP/1.1" 304 - "-" "Mozilla/5.0 (compatible; Googlebot/2.1; +http://www.google.com/bot.html)"
144.76.217.197 - - [23/Oct/2014:00:21:17 -0400] "GET /robots.txt HTTP/1.0" 200 25 "-" "pilican/Nutch-1.9-SNAPSHOT"
144.76.217.197 - - [23/Oct/2014:00:21:17 -0400] "GET / HTTP/1.0" 200 67042 "-" "pilican/Nutch-1.9-SNAPSHOT"
157.55.39.245 - - [23/Oct/2014:00:37:32 -0400] "GET /robots.txt HTTP/1.1" 200 25 "-" "Mozilla/5.0 (compatible; bingbot/2.0; +http://www.bing.com/bingbot.htm)"
157.55.39.245 - - [23/Oct/2014:01:23:51 -0400] "GET /employment.html HTTP/1.1" 200 15481 "-" "Mozilla/5.0 (compatible; bingbot/2.0; +http://www.bing.com/bingbot.htm)"
66.249.65.146 - - [23/Oct/2014:01:31:01 -0400] "GET / HTTP/1.1" 304 - "-" "Mozilla/5.0 (compatible; Googlebot/2.1; +http://www.google.com/bot.html)"
61.135.190.105 - - [23/Oct/2014:02:26:05 -0400] "GET /scripts/ic_globals_published.js HTTP/1.1" 200 566 "http://www.applehillplayhouse.net/" "Mozilla/5.0 (Windows; U; Windows NT 5.1; zh-CN; rv:1.9.2.15) Gecko/20110303 Firefox/3.6.15"
61.135.190.105 - - [23/Oct/2014:02:26:06 -0400] "GET /scripts/user.js HTTP/1.1" 200 23762 "http://www.applehillplayhouse.net/" "Mozilla/5.0 (Windows; U; Windows NT 5.1; zh-CN; rv:1.9.2.15) Gecko/20110303 Firefox/3.6.15"
61.135.190.105 - - [23/Oct/2014:02:26:06 -0400] "GET /scripts/photoalbum.js HTTP/1.1" 200 62481 "http://www.applehillplayhouse.net/" "Mozilla/5.0 (Windows; U; Windows NT 5.1; zh-CN; rv:1.9.2.15) Gecko/20110303 Firefox/3.6.15"
96.47.224.58 - - [23/Oct/2014:03:13:45 -0400] "GET /scripts/user.js HTTP/1.1" 200 23762 "-" "Mozilla/4.0 (compatible; MSIE 8.0; Windows NT 6.0; Trident/4.0)"
96.47.224.58 - - [23/Oct/2014:03:13:46 -0400] "POST /scripts/'%20+http+%20action%20+' HTTP/1.1" 404 575 "http://www.applehillplayhouse.org/scripts/user.js" "Mozilla/4.0 (compatible; MSIE 8.0; Windows NT 6.0; Trident/4.0)"
173.44.37.242 - - [23/Oct/2014:03:24:56 -0400] "GET /scripts/user.js HTTP/1.1" 200 23762 "-" "Mozilla/4.0 (compatible; MSIE 8.0; Windows NT 6.0; Trident/4.0)"
173.44.37.242 - - [23/Oct/2014:03:24:56 -0400] "POST /scripts/'%20+http+%20action%20+' HTTP/1.1" 404 575 "http://www.applehillplayhouse.org/scripts/user.js" "Mozilla/4.0 (compatible; MSIE 8.0; Windows NT 6.0; Trident/4.0)"
180.76.6.149 - - [23/Oct/2014:03:33:08 -0400] "GET /images/sinbadflyer.pdf HTTP/1.1" 200 210640 "-" "Mozilla/5.0 (compatible; Baiduspider/2.0; +http://www.baidu.com/search/spider.html)"
66.249.65.150 - - [23/Oct/2014:03:40:33 -0400] "GET /2011childrensseason.html HTTP/1.1" 304 - "-" "Mozilla/5.0 (iPhone; CPU iPhone OS 6_0 like Mac OS X) AppleWebKit/536.26 (KHTML, like Gecko) Version/6.0 Mobile/10A5376e Safari/8536.25 (compatible; Googlebot/2.1; +http://www.google.com/bot.html)"
96.47.224.50 - - [23/Oct/2014:04:09:59 -0400] "GET /scripts/user.js HTTP/1.1" 200 23762 "-" "Mozilla/4.0 (compatible; MSIE 8.0; Windows NT 6.0; Trident/4.0)"
96.47.224.50 - - [23/Oct/2014:04:10:00 -0400] "POST /scripts/'%20+http+%20action%20+' HTTP/1.1" 404 575 "http://www.applehillplayhouse.org/scripts/user.js" "Mozilla/4.0 (compatible; MSIE 8.0; Windows NT 6.0; Trident/4.0)"
157.55.39.208 - - [23/Oct/2014:04:18:41 -0400] "GET /robots.txt HTTP/1.1" 200 25 "-" "Mozilla/5.0 (compatible; bingbot/2.0; +http://www.bing.com/bingbot.htm)"
157.55.39.208 - - [23/Oct/2014:04:19:14 -0400] "GET /scripts/user.js HTTP/1.1" 200 23762 "-" "Mozilla/5.0 (compatible; bingbot/2.0; +http://www.bing.com/bingbot.htm)"
96.47.224.58 - - [23/Oct/2014:05:01:19 -0400] "GET /scripts/user.js HTTP/1.1" 200 23762 "-" "Mozilla/4.0 (compatible; MSIE 8.0; Windows NT 6.0; Trident/4.0)"
96.47.224.58 - - [23/Oct/2014:05:01:19 -0400] "POST /scripts/'%20+http+%20action%20+' HTTP/1.1" 404 575 "http://www.applehillplayhouse.org/scripts/user.js" "Mozilla/4.0 (compatible; MSIE 8.0; Windows NT 6.0; Trident/4.0)"
157.55.39.141 - - [23/Oct/2014:07:01:50 -0400] "GET / HTTP/1.1" 200 67042 "-" "Mozilla/5.0 (compatible; bingbot/2.0; +http://www.bing.com/bingbot.htm)"
66.249.65.47 - - [23/Oct/2014:07:16:37 -0400] "GET / HTTP/1.1" 200 67042 "-" "Mozilla/5.0 (compatible; Googlebot/2.1; +http://www.google.com/bot.html)"
66.249.65.142 - - [23/Oct/2014:08:15:47 -0400] "GET /2014mainstageauditions.html HTTP/1.1" 200 30465 "-" "DoCoMo/2.0 N905i(c100;TB;W24H16) (compatible; Googlebot-Mobile/2.1; +http://www.google.com/bot.html)"
157.55.39.141 - - [23/Oct/2014:08:16:12 -0400] "GET / HTTP/1.1" 200 67042 "-" "Mozilla/5.0 (compatible; bingbot/2.0; +http://www.bing.com/bingbot.htm)"
157.55.39.239 - - [23/Oct/2014:08:41:50 -0400] "GET /scripts/icwebsiteelement.css HTTP/1.1" 200 8132 "-" "Mozilla/5.0 (compatible; bingbot/2.0; +http://www.bing.com/bingbot.htm)"
157.55.39.239 - - [23/Oct/2014:08:41:50 -0400] "GET /scripts/photoalbum.js HTTP/1.1" 200 62481 "-" "Mozilla/5.0 (compatible; bingbot/2.0; +http://www.bing.com/bingbot.htm)"
157.55.39.141 - - [23/Oct/2014:08:53:21 -0400] "GET /dinnertheater.html HTTP/1.1" 200 20980 "-" "Mozilla/5.0 (compatible; bingbot/2.0; +http://www.bing.com/bingbot.htm)"
173.44.37.226 - - [23/Oct/2014:09:00:35 -0400] "GET /scripts/user.js HTTP/1.1" 200 23762 "-" "Mozilla/4.0 (compatible; MSIE 8.0; Windows NT 6.0; Trident/4.0)"
173.44.37.226 - - [23/Oct/2014:09:00:35 -0400] "POST /scripts/'%20+http+%20action%20+' HTTP/1.1" 404 575 "http://www.applehillplayhouse.org/scripts/user.js" "Mozilla/4.0 (compatible; MSIE 8.0; Windows NT 6.0; Trident/4.0)"
66.249.65.146 - - [23/Oct/2014:10:29:22 -0400] "GET /images/CAMPS_FLYER_2014_INSIDE.pdf HTTP/1.1" 200 81403 "-" "DoCoMo/2.0 N905i(c100;TB;W24H16) (compatible; Googlebot-Mobile/2.1; +http://www.google.com/bot.html)"
130.211.125.176 - - [23/Oct/2014:11:18:14 -0400] "GET / HTTP/1.0" 200 67042 "-" "NerdyBot"
70.198.198.141 - - [23/Oct/2014:12:16:44 -0400] "GET /2011childrensseason.html HTTP/1.1" 200 18373 "-" "Mozilla/5.0 (Linux; Android 4.4.2; en-us; SAMSUNG SCH-I545 Build/KOT49H) AppleWebKit/537.36 (KHTML, like Gecko) Version/1.5 Chrome/28.0.1500.94 Mobile Safari/537.36"
70.198.198.141 - - [23/Oct/2014:12:16:44 -0400] "GET /scripts/user.js HTTP/1.1" 200 23762 "http://www.applehillplayhouse.org/2011childrensseason.html" "Mozilla/5.0 (Linux; Android 4.4.2; en-us; SAMSUNG SCH-I545 Build/KOT49H) AppleWebKit/537.36 (KHTML, like Gecko) Version/1.5 Chrome/28.0.1500.94 Mobile Safari/537.36"
70.198.198.141 - - [23/Oct/2014:12:16:44 -0400] "GET /scripts/ic_globals_published.js HTTP/1.1" 200 566 "http://www.applehillplayhouse.org/2011childrensseason.html" "Mozilla/5.0 (Linux; Android 4.4.2; en-us; SAMSUNG SCH-I545 Build/KOT49H) AppleWebKit/537.36 (KHTML, like Gecko) Version/1.5 Chrome/28.0.1500.94 Mobile Safari/537.36"
70.198.198.141 - - [23/Oct/2014:12:16:44 -0400] "GET /scripts/template.css HTTP/1.1" 200 5617 "http://www.applehillplayhouse.org/2011childrensseason.html" "Mozilla/5.0 (Linux; Android 4.4.2; en-us; SAMSUNG SCH-I545 Build/KOT49H) AppleWebKit/537.36 (KHTML, like Gecko) Version/1.5 Chrome/28.0.1500.94 Mobile Safari/537.36"
70.198.198.141 - - [23/Oct/2014:12:16:44 -0400] "GET /scripts/website.css HTTP/1.1" 200 1759 "http://www.applehillplayhouse.org/2011childrensseason.html" "Mozilla/5.0 (Linux; Android 4.4.2; en-us; SAMSUNG SCH-I545 Build/KOT49H) AppleWebKit/537.36 (KHTML, like Gecko) Version/1.5 Chrome/28.0.1500.94 Mobile Safari/537.36"
70.198.198.141 - - [23/Oct/2014:12:16:44 -0400] "GET /scripts/photoalbum.js HTTP/1.1" 200 62481 "http://www.applehillplayhouse.org/2011childrensseason.html" "Mozilla/5.0 (Linux; Android 4.4.2; en-us; SAMSUNG SCH-I545 Build/KOT49H) AppleWebKit/537.36 (KHTML, like Gecko) Version/1.5 Chrome/28.0.1500.94 Mobile Safari/537.36"
70.198.198.141 - - [23/Oct/2014:12:16:44 -0400] "GET /scripts/icwebsiteelement.css HTTP/1.1" 200 8132 "http://www.applehillplayhouse.org/2011childrensseason.html" "Mozilla/5.0 (Linux; Android 4.4.2; en-us; SAMSUNG SCH-I545 Build/KOT49H) AppleWebKit/537.36 (KHTML, like Gecko) Version/1.5 Chrome/28.0.1500.94 Mobile Safari/537.36"
70.198.198.141 - - [23/Oct/2014:12:16:44 -0400] "GET /scripts/19custom.css HTTP/1.1" 200 2496 "http://www.applehillplayhouse.org/2011childrensseason.html" "Mozilla/5.0 (Linux; Android 4.4.2; en-us; SAMSUNG SCH-I545 Build/KOT49H) AppleWebKit/537.36 (KHTML, like Gecko) Version/1.5 Chrome/28.0.1500.94 Mobile Safari/537.36"
70.198.198.141 - - [23/Oct/2014:12:16:45 -0400] "GET /images/291_Johnny_Appleseed.jpg HTTP/1.1" 200 12238 "http://www.applehillplayhouse.org/2011childrensseason.html" "Mozilla/5.0 (Linux; Android 4.4.2; en-us; SAMSUNG SCH-I545 Build/KOT49H) AppleWebKit/537.36 (KHTML, like Gecko) Version/1.5 Chrome/28.0.1500.94 Mobile Safari/537.36"
70.198.198.141 - - [23/Oct/2014:12:16:45 -0400] "GET /scripts/print.css HTTP/1.1" 200 - "http://www.applehillplayhouse.org/2011childrensseason.html" "Mozilla/5.0 (Linux; Android 4.4.2; en-us; SAMSUNG SCH-I545 Build/KOT49H) AppleWebKit/537.36 (KHTML, like Gecko) Version/1.5 Chrome/28.0.1500.94 Mobile Safari/537.36"
70.198.198.141 - - [23/Oct/2014:12:16:45 -0400] "GET /images/011109_1120_0010_lsls.jpg HTTP/1.1" 200 3658 "http://www.applehillplayhouse.org/2011childrensseason.html" "Mozilla/5.0 (Linux; Android 4.4.2; en-us; SAMSUNG SCH-I545 Build/KOT49H) AppleWebKit/537.36 (KHTML, like Gecko) Version/1.5 Chrome/28.0.1500.94 Mobile Safari/537.36"
70.198.198.141 - - [23/Oct/2014:12:16:45 -0400] "GET /images/ic_068_content_bg_wide.png HTTP/1.1" 200 24853 "http://www.applehillplayhouse.org/2011childrensseason.html" "Mozilla/5.0 (Linux; Android 4.4.2; en-us; SAMSUNG SCH-I545 Build/KOT49H) AppleWebKit/537.36 (KHTML, like Gecko) Version/1.5 Chrome/28.0.1500.94 Mobile Safari/537.36"
70.198.198.141 - - [23/Oct/2014:12:16:46 -0400] "GET /favicon.ico HTTP/1.1" 404 575 "-" "Mozilla/5.0 (Linux; Android 4.4.2; en-us; SAMSUNG SCH-I545 Build/KOT49H) AppleWebKit/537.36 (KHTML, like Gecko) Version/1.5 Chrome/28.0.1500.94 Mobile Safari/537.36"
157.55.39.208 - - [23/Oct/2014:13:45:03 -0400] "GET /contactus.html HTTP/1.1" 200 20862 "-" "Mozilla/5.0 (compatible; bingbot/2.0; +http://www.bing.com/bingbot.htm)"
66.249.65.146 - - [23/Oct/2014:13:51:35 -0400] "GET /2014childrensseason.html HTTP/1.1" 304 - "-" "Mozilla/5.0 (compatible; Googlebot/2.1; +http://www.google.com/bot.html)"
158.85.89.7 - - [23/Oct/2014:14:20:36 -0400] "GET /robots.txt HTTP/1.1" 200 25 "-" "Mozilla/5.0 (compatible; SiteExplorer/1.0b; +http://siteexplorer.info/)"
67.165.108.95 - - [23/Oct/2014:14:27:19 -0400] "GET / HTTP/1.1" 200 67042 "https://www.google.com/" "Mozilla/5.0 (iPhone; CPU iPhone OS 7_1_2 like Mac OS X) AppleWebKit/537.51.2 (KHTML, like Gecko) GSA/4.2.2.38484 Mobile/11D257 Safari/9537.53"
67.165.108.95 - - [23/Oct/2014:14:27:19 -0400] "GET /scripts/ic_globals_published.js HTTP/1.1" 200 566 "http://www.applehillplayhouse.org/" "Mozilla/5.0 (iPhone; CPU iPhone OS 7_1_2 like Mac OS X) AppleWebKit/537.51.2 (KHTML, like Gecko) GSA/4.2.2.38484 Mobile/11D257 Safari/9537.53"
67.165.108.95 - - [23/Oct/2014:14:27:19 -0400] "GET /scripts/user.js HTTP/1.1" 200 23762 "http://www.applehillplayhouse.org/" "Mozilla/5.0 (iPhone; CPU iPhone OS 7_1_2 like Mac OS X) AppleWebKit/537.51.2 (KHTML, like Gecko) GSA/4.2.2.38484 Mobile/11D257 Safari/9537.53"
67.165.108.95 - - [23/Oct/2014:14:27:20 -0400] "GET /scripts/photoalbum.js HTTP/1.1" 200 62481 "http://www.applehillplayhouse.org/" "Mozilla/5.0 (iPhone; CPU iPhone OS 7_1_2 like Mac OS X) AppleWebKit/537.51.2 (KHTML, like Gecko) GSA/4.2.2.38484 Mobile/11D257 Safari/9537.53"
67.165.108.95 - - [23/Oct/2014:14:27:20 -0400] "GET /scripts/template.css HTTP/1.1" 200 5617 "http://www.applehillplayhouse.org/" "Mozilla/5.0 (iPhone; CPU iPhone OS 7_1_2 like Mac OS X) AppleWebKit/537.51.2 (KHTML, like Gecko) GSA/4.2.2.38484 Mobile/11D257 Safari/9537.53"
67.165.108.95 - - [23/Oct/2014:14:27:20 -0400] "GET /scripts/1custom.css HTTP/1.1" 200 3164 "http://www.applehillplayhouse.org/" "Mozilla/5.0 (iPhone; CPU iPhone OS 7_1_2 like Mac OS X) AppleWebKit/537.51.2 (KHTML, like Gecko) GSA/4.2.2.38484 Mobile/11D257 Safari/9537.53"
67.165.108.95 - - [23/Oct/2014:14:27:20 -0400] "GET /scripts/website.css HTTP/1.1" 200 1759 "http://www.applehillplayhouse.org/" "Mozilla/5.0 (iPhone; CPU iPhone OS 7_1_2 like Mac OS X) AppleWebKit/537.51.2 (KHTML, like Gecko) GSA/4.2.2.38484 Mobile/11D257 Safari/9537.53"
67.165.108.95 - - [23/Oct/2014:14:27:20 -0400] "GET /scripts/icwebsiteelement.css HTTP/1.1" 200 8132 "http://www.applehillplayhouse.org/" "Mozilla/5.0 (iPhone; CPU iPhone OS 7_1_2 like Mac OS X) AppleWebKit/537.51.2 (KHTML, like Gecko) GSA/4.2.2.38484 Mobile/11D257 Safari/9537.53"
67.165.108.95 - - [23/Oct/2014:14:27:21 -0400] "GET /images/450_melissa-raichel-thumb.jpg HTTP/1.1" 200 25506 "http://www.applehillplayhouse.org/" "Mozilla/5.0 (iPhone; CPU iPhone OS 7_1_2 like Mac OS X) AppleWebKit/537.51.2 (KHTML, like Gecko) GSA/4.2.2.38484 Mobile/11D257 Safari/9537.53"
67.165.108.95 - - [23/Oct/2014:14:27:21 -0400] "GET /images/450_karin-maresh-thumb.jpg HTTP/1.1" 200 18712 "http://www.applehillplayhouse.org/" "Mozilla/5.0 (iPhone; CPU iPhone OS 7_1_2 like Mac OS X) AppleWebKit/537.51.2 (KHTML, like Gecko) GSA/4.2.2.38484 Mobile/11D257 Safari/9537.53"
67.165.108.95 - - [23/Oct/2014:14:27:21 -0400] "GET /images/450_ellen-kalik-thumb.jpg HTTP/1.1" 200 29877 "http://www.applehillplayhouse.org/" "Mozilla/5.0 (iPhone; CPU iPhone OS 7_1_2 like Mac OS X) AppleWebKit/537.51.2 (KHTML, like Gecko) GSA/4.2.2.38484 Mobile/11D257 Safari/9537.53"
67.165.108.95 - - [23/Oct/2014:14:27:21 -0400] "GET /images/450_Craig-Soich-thumb.jpg HTTP/1.1" 200 13549 "http://www.applehillplayhouse.org/" "Mozilla/5.0 (iPhone; CPU iPhone OS 7_1_2 like Mac OS X) AppleWebKit/537.51.2 (KHTML, like Gecko) GSA/4.2.2.38484 Mobile/11D257 Safari/9537.53"
67.165.108.95 - - [23/Oct/2014:14:27:21 -0400] "GET /images/450_andy-nesky-thumb.jpg HTTP/1.1" 200 32785 "http://www.applehillplayhouse.org/" "Mozilla/5.0 (iPhone; CPU iPhone OS 7_1_2 like Mac OS X) AppleWebKit/537.51.2 (KHTML, like Gecko) GSA/4.2.2.38484 Mobile/11D257 Safari/9537.53"
67.165.108.95 - - [23/Oct/2014:14:27:21 -0400] "GET /images/450_rachel-nicely-thumb.jpg HTTP/1.1" 200 27645 "http://www.applehillplayhouse.org/" "Mozilla/5.0 (iPhone; CPU iPhone OS 7_1_2 like Mac OS X) AppleWebKit/537.51.2 (KHTML, like Gecko) GSA/4.2.2.38484 Mobile/11D257 Safari/9537.53"
67.165.108.95 - - [23/Oct/2014:14:27:21 -0400] "GET /images/450_clare-ratway-thumb.jpg HTTP/1.1" 200 28765 "http://www.applehillplayhouse.org/" "Mozilla/5.0 (iPhone; CPU iPhone OS 7_1_2 like Mac OS X) AppleWebKit/537.51.2 (KHTML, like Gecko) GSA/4.2.2.38484 Mobile/11D257 Safari/9537.53"
67.165.108.95 - - [23/Oct/2014:14:27:21 -0400] "GET /images/450_cindy-swanson-thumb.jpg HTTP/1.1" 200 29208 "http://www.applehillplayhouse.org/" "Mozilla/5.0 (iPhone; CPU iPhone OS 7_1_2 like Mac OS X) AppleWebKit/537.51.2 (KHTML, like Gecko) GSA/4.2.2.38484 Mobile/11D257 Safari/9537.53"
67.165.108.95 - - [23/Oct/2014:14:27:22 -0400] "GET /images/450_kate-ohalloran-thumb.jpg HTTP/1.1" 200 33298 "http://www.applehillplayhouse.org/" "Mozilla/5.0 (iPhone; CPU iPhone OS 7_1_2 like Mac OS X) AppleWebKit/537.51.2 (KHTML, like Gecko) GSA/4.2.2.38484 Mobile/11D257 Safari/9537.53"
67.165.108.95 - - [23/Oct/2014:14:27:22 -0400] "GET /images/450_rick-dutrow-thumb.jpg HTTP/1.1" 200 26543 "http://www.applehillplayhouse.org/" "Mozilla/5.0 (iPhone; CPU iPhone OS 7_1_2 like Mac OS X) AppleWebKit/537.51.2 (KHTML, like Gecko) GSA/4.2.2.38484 Mobile/11D257 Safari/9537.53"
67.165.108.95 - - [23/Oct/2014:14:27:22 -0400] "GET /images/450_megan-datsko-thumb.jpg HTTP/1.1" 200 35665 "http://www.applehillplayhouse.org/" "Mozilla/5.0 (iPhone; CPU iPhone OS 7_1_2 like Mac OS X) AppleWebKit/537.51.2 (KHTML, like Gecko) GSA/4.2.2.38484 Mobile/11D257 Safari/9537.53"
67.165.108.95 - - [23/Oct/2014:14:27:23 -0400] "GET /images/011109_1120_0010_lsls.jpg HTTP/1.1" 200 3658 "http://www.applehillplayhouse.org/" "Mozilla/5.0 (iPhone; CPU iPhone OS 7_1_2 like Mac OS X) AppleWebKit/537.51.2 (KHTML, like Gecko) GSA/4.2.2.38484 Mobile/11D257 Safari/9537.53"
67.165.108.95 - - [23/Oct/2014:14:27:24 -0400] "GET /scripts/print.css HTTP/1.1" 200 - "http://www.applehillplayhouse.org/" "Mozilla/5.0 (iPhone; CPU iPhone OS 7_1_2 like Mac OS X) AppleWebKit/537.51.2 (KHTML, like Gecko) GSA/4.2.2.38484 Mobile/11D257 Safari/9537.53"
67.165.108.95 - - [23/Oct/2014:14:27:29 -0400] "GET /images/700_2CoD_back.jpg HTTP/1.1" 200 42305 "http://www.applehillplayhouse.org/" "Mozilla/5.0 (iPhone; CPU iPhone OS 7_1_2 like Mac OS X) AppleWebKit/537.51.2 (KHTML, like Gecko) GSA/4.2.2.38484 Mobile/11D257 Safari/9537.53"
67.165.108.95 - - [23/Oct/2014:14:27:29 -0400] "GET /images/600_2CoD_blurb.jpg HTTP/1.1" 200 65093 "http://www.applehillplayhouse.org/" "Mozilla/5.0 (iPhone; CPU iPhone OS 7_1_2 like Mac OS X) AppleWebKit/537.51.2 (KHTML, like Gecko) GSA/4.2.2.38484 Mobile/11D257 Safari/9537.53"
67.165.108.95 - - [23/Oct/2014:14:27:30 -0400] "GET /images/600_dirtypaper.jpg HTTP/1.1" 200 31277 "http://www.applehillplayhouse.org/" "Mozilla/5.0 (iPhone; CPU iPhone OS 7_1_2 like Mac OS X) AppleWebKit/537.51.2 (KHTML, like Gecko) GSA/4.2.2.38484 Mobile/11D257 Safari/9537.53"
67.165.108.95 - - [23/Oct/2014:14:27:30 -0400] "GET /images/ic_068_content_bg_wide.png HTTP/1.1" 200 24853 "http://www.applehillplayhouse.org/" "Mozilla/5.0 (iPhone; CPU iPhone OS 7_1_2 like Mac OS X) AppleWebKit/537.51.2 (KHTML, like Gecko) GSA/4.2.2.38484 Mobile/11D257 Safari/9537.53"
67.165.108.95 - - [23/Oct/2014:14:27:59 -0400] "GET /theaterclasses.html HTTP/1.1" 200 21334 "http://www.applehillplayhouse.org/" "Mozilla/5.0 (iPhone; CPU iPhone OS 7_1_2 like Mac OS X) AppleWebKit/537.51.2 (KHTML, like Gecko) GSA/4.2.2.38484 Mobile/11D257 Safari/9537.53"
67.165.108.95 - - [23/Oct/2014:14:28:00 -0400] "GET /scripts/16custom.css HTTP/1.1" 200 1072 "http://www.applehillplayhouse.org/theaterclasses.html" "Mozilla/5.0 (iPhone; CPU iPhone OS 7_1_2 like Mac OS X) AppleWebKit/537.51.2 (KHTML, like Gecko) GSA/4.2.2.38484 Mobile/11D257 Safari/9537.53"
67.165.108.95 - - [23/Oct/2014:14:28:00 -0400] "GET /images/doc_pdf.gif HTTP/1.1" 200 1002 "http://www.applehillplayhouse.org/theaterclasses.html" "Mozilla/5.0 (iPhone; CPU iPhone OS 7_1_2 like Mac OS X) AppleWebKit/537.51.2 (KHTML, like Gecko) GSA/4.2.2.38484 Mobile/11D257 Safari/9537.53"
67.165.108.95 - - [23/Oct/2014:14:28:39 -0400] "GET /2014jactauditions.html HTTP/1.1" 200 22469 "http://www.applehillplayhouse.org/theaterclasses.html" "Mozilla/5.0 (iPhone; CPU iPhone OS 7_1_2 like Mac OS X) AppleWebKit/537.51.2 (KHTML, like Gecko) GSA/4.2.2.38484 Mobile/11D257 Safari/9537.53"
67.165.108.95 - - [23/Oct/2014:14:28:40 -0400] "GET /scripts/38custom.css HTTP/1.1" 200 3172 "http://www.applehillplayhouse.org/2014jactauditions.html" "Mozilla/5.0 (iPhone; CPU iPhone OS 7_1_2 like Mac OS X) AppleWebKit/537.51.2 (KHTML, like Gecko) GSA/4.2.2.38484 Mobile/11D257 Safari/9537.53"
67.165.108.95 - - [23/Oct/2014:14:29:59 -0400] "GET /home.html HTTP/1.1" 200 67042 "http://www.applehillplayhouse.org/2014jactauditions.html" "Mozilla/5.0 (iPhone; CPU iPhone OS 7_1_2 like Mac OS X) AppleWebKit/537.51.2 (KHTML, like Gecko) GSA/4.2.2.38484 Mobile/11D257 Safari/9537.53"
66.249.65.6 - - [23/Oct/2014:14:49:11 -0400] "GET /robots.txt HTTP/1.1" 200 25 "-" "Mozilla/5.0 (compatible; Googlebot/2.1; +http://www.google.com/bot.html)"
66.249.65.6 - - [23/Oct/2014:14:51:22 -0400] "GET /scripts/website.css HTTP/1.1" 200 1759 "-" "Mozilla/5.0 (compatible; Googlebot/2.1; +http://www.google.com/bot.html)"
66.249.65.6 - - [23/Oct/2014:14:51:23 -0400] "GET /scripts/icwebsiteelement.css HTTP/1.1" 200 8132 "-" "Mozilla/5.0 (compatible; Googlebot/2.1; +http://www.google.com/bot.html)"
66.249.65.6 - - [23/Oct/2014:14:51:24 -0400] "GET /scripts/1custom.css HTTP/1.1" 200 3164 "-" "Mozilla/5.0 (compatible; Googlebot/2.1; +http://www.google.com/bot.html)"
66.249.65.6 - - [23/Oct/2014:14:51:25 -0400] "GET /scripts/template.css HTTP/1.1" 200 5617 "-" "Mozilla/5.0 (compatible; Googlebot/2.1; +http://www.google.com/bot.html)"
123.125.71.97 - - [23/Oct/2014:15:21:31 -0400] "GET /images/450_clare-ratway-thumb.jpg HTTP/1.1" 200 28765 "http://image.baidu.com/i?ct=503316480&z=0&tn=baiduimagedetail" "Baiduspider-image+(+http://www.baidu.com/search/spider.htm)"
157.55.39.141 - - [23/Oct/2014:15:36:26 -0400] "GET /directions.html HTTP/1.1" 200 15280 "-" "Mozilla/5.0 (compatible; bingbot/2.0; +http://www.bing.com/bingbot.htm)"
208.115.113.89 - - [23/Oct/2014:15:38:23 -0400] "GET /robots.txt HTTP/1.1" 200 25 "-" "Mozilla/5.0 (compatible; DotBot/1.1; http://www.opensiteexplorer.org/dotbot, help@moz.com)"
207.46.13.50 - - [23/Oct/2014:15:55:49 -0400] "GET /home.html HTTP/1.1" 200 67042 "-" "Mozilla/5.0 (compatible; bingbot/2.0; +http://www.bing.com/bingbot.htm)"
199.58.86.206 - - [23/Oct/2014:17:01:23 -0400] "GET /robots.txt HTTP/1.0" 200 25 "-" "Mozilla/5.0 (compatible; MJ12bot/v1.4.5; http://www.majestic12.co.uk/bot.php?+)"
199.58.86.206 - - [23/Oct/2014:17:01:24 -0400] "GET / HTTP/1.0" 200 67042 "-" "Mozilla/5.0 (compatible; MJ12bot/v1.4.5; http://www.majestic12.co.uk/bot.php?+)"
66.249.65.150 - - [23/Oct/2014:17:17:41 -0400] "GET / HTTP/1.1" 200 67042 "-" "Mozilla/5.0 (iPhone; CPU iPhone OS 6_0 like Mac OS X) AppleWebKit/536.26 (KHTML, like Gecko) Version/6.0 Mobile/10A5376e Safari/8536.25 (compatible; Googlebot/2.1; +http://www.google.com/bot.html)"
61.135.189.171 - - [23/Oct/2014:17:46:59 -0400] "GET /robots.txt HTTP/1.1" 200 25 "-" "Sogou web spider/4.0(+http://www.sogou.com/docs/help/webmasters.htm#07)"
61.135.189.171 - - [23/Oct/2014:17:47:11 -0400] "GET / HTTP/1.1" 304 - "-" "Sogou web spider/4.0(+http://www.sogou.com/docs/help/webmasters.htm#07)"
100.43.85.9 - - [23/Oct/2014:18:17:00 -0400] "GET /robots.txt HTTP/1.1" 200 25 "-" "Mozilla/5.0 (compatible; YandexBot/3.0; +http://yandex.com/bots)"
66.249.65.150 - - [23/Oct/2014:18:55:32 -0400] "GET / HTTP/1.1" 304 - "-" "Mozilla/5.0 (compatible; Googlebot/2.1; +http://www.google.com/bot.html)"
66.249.65.47 - - [23/Oct/2014:19:31:48 -0400] "GET / HTTP/1.1" 200 67042 "-" "SAMSUNG-SGH-E250/1.0 Profile/MIDP-2.0 Configuration/CLDC-1.1 UP.Browser/6.2.3.3.c.1.101 (GUI) MMP/2.0 (compatible; Googlebot-Mobile/2.1; +http://www.google.com/bot.html)"
185.10.104.132 - - [23/Oct/2014:20:10:00 -0400] "GET /2011adultseason/nuts.html HTTP/1.1" 200 17918 "-" "Mozilla/5.0 (compatible; Baiduspider/2.0; +http://www.baidu.com/search/spider.html)"
157.55.39.208 - - [23/Oct/2014:20:17:44 -0400] "GET /2014mainstageseason.html HTTP/1.1" 200 24689 "-" "Mozilla/5.0 (compatible; bingbot/2.0; +http://www.bing.com/bingbot.htm)"
157.55.39.22 - - [23/Oct/2014:20:36:24 -0400] "GET /robots.txt HTTP/1.1" 200 25 "-" "Mozilla/5.0 (compatible; bingbot/2.0; +http://www.bing.com/bingbot.htm)"
66.249.65.146 - - [23/Oct/2014:21:01:01 -0400] "GET /employment.html HTTP/1.1" 304 - "-" "Mozilla/5.0 (compatible; Googlebot/2.1; +http://www.google.com/bot.html)"
208.115.111.73 - - [23/Oct/2014:21:34:34 -0400] "GET /robots.txt HTTP/1.1" 200 25 "-" "Mozilla/5.0 (compatible; DotBot/1.1; http://www.opensiteexplorer.org/dotbot, help@moz.com)"
208.115.111.73 - - [23/Oct/2014:21:34:34 -0400] "GET /robots.txt HTTP/1.1" 200 25 "-" "Mozilla/5.0 (compatible; DotBot/1.1; http://www.opensiteexplorer.org/dotbot, help@moz.com)"
66.249.65.150 - - [23/Oct/2014:21:46:16 -0400] "GET /2014childrensseason.html HTTP/1.1" 304 - "-" "Mozilla/5.0 (compatible; Googlebot/2.1; +http://www.google.com/bot.html)"
66.249.65.150 - - [23/Oct/2014:22:45:25 -0400] "GET / HTTP/1.1" 304 - "-" "Mozilla/5.0 (compatible; Googlebot/2.1; +http://www.google.com/bot.html)"
157.55.39.208 - - [23/Oct/2014:23:23:58 -0400] "GET /apprenticeships.html HTTP/1.1" 200 20534 "-" "Mozilla/5.0 (compatible; bingbot/2.0; +http://www.bing.com/bingbot.htm)"
188.165.15.10 - - [23/Oct/2014:03:08:44 -0400] "GET /robots.txt HTTP/1.1" 200 25 "-" "Mozilla/5.0 (compatible; AhrefsBot/5.0; +http://ahrefs.com/robot/)"
158.85.89.7 - - [23/Oct/2014:03:15:39 -0400] "GET /robots.txt HTTP/1.1" 200 25 "-" "Mozilla/5.0 (compatible; SiteExplorer/1.0b; +http://siteexplorer.info/)"
68.180.229.32 - - [23/Oct/2014:03:18:25 -0400] "GET /ticketinformation/jactsingletickets.html HTTP/1.1" 200 17168 "-" "Mozilla/5.0 (compatible; Yahoo! Slurp; http://help.yahoo.com/help/us/ysearch/slurp)"
41.223.156.86 - - [23/Oct/2014:04:17:42 -0400] "GET / HTTP/1.1" 200 67042 "http://semalt.semalt.com/crawler.php?u=http://applehillplayhouse.net" "Mozilla/5.0 (Windows NT 6.1; WOW64) AppleWebKit/537.36 (KHTML, like Gecko) Chrome/36.0.1985.143 Safari/537.36"
41.223.156.86 - - [23/Oct/2014:04:17:43 -0400] "GET /scripts/user.js HTTP/1.1" 200 23762 "http://applehillplayhouse.net/" "Mozilla/5.0 (Windows NT 6.1; WOW64) AppleWebKit/537.36 (KHTML, like Gecko) Chrome/36.0.1985.143 Safari/537.36"
41.223.156.86 - - [23/Oct/2014:04:17:43 -0400] "GET /scripts/template.css HTTP/1.1" 200 5617 "http://applehillplayhouse.net/" "Mozilla/5.0 (Windows NT 6.1; WOW64) AppleWebKit/537.36 (KHTML, like Gecko) Chrome/36.0.1985.143 Safari/537.36"
41.223.156.86 - - [23/Oct/2014:04:17:43 -0400] "GET /scripts/website.css HTTP/1.1" 200 1759 "http://applehillplayhouse.net/" "Mozilla/5.0 (Windows NT 6.1; WOW64) AppleWebKit/537.36 (KHTML, like Gecko) Chrome/36.0.1985.143 Safari/537.36"
41.223.156.86 - - [23/Oct/2014:04:17:43 -0400] "GET /scripts/ic_globals_published.js HTTP/1.1" 200 566 "http://applehillplayhouse.net/" "Mozilla/5.0 (Windows NT 6.1; WOW64) AppleWebKit/537.36 (KHTML, like Gecko) Chrome/36.0.1985.143 Safari/537.36"
41.223.156.86 - - [23/Oct/2014:04:17:43 -0400] "GET /scripts/photoalbum.js HTTP/1.1" 200 62481 "http://applehillplayhouse.net/" "Mozilla/5.0 (Windows NT 6.1; WOW64) AppleWebKit/537.36 (KHTML, like Gecko) Chrome/36.0.1985.143 Safari/537.36"
41.223.156.86 - - [23/Oct/2014:04:17:44 -0400] "GET /scripts/1custom.css HTTP/1.1" 200 3164 "http://applehillplayhouse.net/" "Mozilla/5.0 (Windows NT 6.1; WOW64) AppleWebKit/537.36 (KHTML, like Gecko) Chrome/36.0.1985.143 Safari/537.36"
41.223.156.86 - - [23/Oct/2014:04:17:44 -0400] "GET /scripts/icwebsiteelement.css HTTP/1.1" 200 8132 "http://applehillplayhouse.net/" "Mozilla/5.0 (Windows NT 6.1; WOW64) AppleWebKit/537.36 (KHTML, like Gecko) Chrome/36.0.1985.143 Safari/537.36"
41.223.156.86 - - [23/Oct/2014:04:18:02 -0400] "GET /images/011109_1120_0010_lsls.jpg HTTP/1.1" 200 3658 "http://applehillplayhouse.net/" "Mozilla/5.0 (Windows NT 6.1; WOW64) AppleWebKit/537.36 (KHTML, like Gecko) Chrome/36.0.1985.143 Safari/537.36"
41.223.156.86 - - [23/Oct/2014:04:18:02 -0400] "GET /images/450_melissa-raichel-thumb.jpg HTTP/1.1" 200 25506 "http://applehillplayhouse.net/" "Mozilla/5.0 (Windows NT 6.1; WOW64) AppleWebKit/537.36 (KHTML, like Gecko) Chrome/36.0.1985.143 Safari/537.36"
41.223.156.86 - - [23/Oct/2014:04:18:02 -0400] "GET /images/450_Craig-Soich-thumb.jpg HTTP/1.1" 200 13549 "http://applehillplayhouse.net/" "Mozilla/5.0 (Windows NT 6.1; WOW64) AppleWebKit/537.36 (KHTML, like Gecko) Chrome/36.0.1985.143 Safari/537.36"
41.223.156.86 - - [23/Oct/2014:04:18:02 -0400] "GET /images/450_karin-maresh-thumb.jpg HTTP/1.1" 200 18712 "http://applehillplayhouse.net/" "Mozilla/5.0 (Windows NT 6.1; WOW64) AppleWebKit/537.36 (KHTML, like Gecko) Chrome/36.0.1985.143 Safari/537.36"
41.223.156.86 - - [23/Oct/2014:04:18:02 -0400] "GET /images/450_ellen-kalik-thumb.jpg HTTP/1.1" 200 29877 "http://applehillplayhouse.net/" "Mozilla/5.0 (Windows NT 6.1; WOW64) AppleWebKit/537.36 (KHTML, like Gecko) Chrome/36.0.1985.143 Safari/537.36"
41.223.156.86 - - [23/Oct/2014:04:18:02 -0400] "GET /images/450_andy-nesky-thumb.jpg HTTP/1.1" 200 32785 "http://applehillplayhouse.net/" "Mozilla/5.0 (Windows NT 6.1; WOW64) AppleWebKit/537.36 (KHTML, like Gecko) Chrome/36.0.1985.143 Safari/537.36"
208.115.113.89 - - [23/Oct/2014:04:40:08 -0400] "GET /2013mainstageseason.html HTTP/1.1" 200 15589 "-" "Mozilla/5.0 (compatible; DotBot/1.1; http://www.opensiteexplorer.org/dotbot, help@moz.com)"
96.47.224.50 - - [23/Oct/2014:04:57:34 -0400] "GET /scripts/user.js HTTP/1.1" 200 23762 "-" "Mozilla/4.0 (compatible; MSIE 8.0; Windows NT 6.0; Trident/4.0)"
96.47.224.50 - - [23/Oct/2014:04:57:35 -0400] "POST /scripts/'%20+http+%20action%20+' HTTP/1.1" 404 575 "http://www.applehillplayhouse.org/scripts/user.js" "Mozilla/4.0 (compatible; MSIE 8.0; Windows NT 6.0; Trident/4.0)"
183.60.213.9 - - [23/Oct/2014:05:09:49 -0400] "GET /nonprofitstatus.html HTTP/1.1" 200 15136 "-" "Mozilla/5.0 (compatible; EasouSpider; +http://www.easou.com/search/spider.html)"
208.115.113.89 - - [23/Oct/2014:07:39:14 -0400] "GET /robots.txt HTTP/1.1" 200 25 "-" "Mozilla/5.0 (compatible; DotBot/1.1; http://www.opensiteexplorer.org/dotbot, help@moz.com)"
66.60.133.254 - - [23/Oct/2014:07:49:08 -0400] "GET / HTTP/1.0" 200 67042 "-" "-"
183.60.213.9 - - [23/Oct/2014:08:27:47 -0400] "GET /employment.html HTTP/1.1" 200 15481 "-" "Mozilla/5.0 (compatible; EasouSpider; +http://www.easou.com/search/spider.html)"
173.44.37.226 - - [23/Oct/2014:08:28:43 -0400] "GET /scripts/user.js HTTP/1.1" 200 23762 "-" "Mozilla/4.0 (compatible; MSIE 8.0; Windows NT 6.0; Trident/4.0)"
173.44.37.226 - - [23/Oct/2014:08:28:44 -0400] "POST /scripts/'%20+http+%20action%20+' HTTP/1.1" 404 575 "http://www.applehillplayhouse.org/scripts/user.js" "Mozilla/4.0 (compatible; MSIE 8.0; Windows NT 6.0; Trident/4.0)"
157.55.39.239 - - [23/Oct/2014:08:49:33 -0400] "GET /2012childrensseason/jactshowdescriptions.html HTTP/1.1" 304 - "-" "Mozilla/5.0 (compatible; bingbot/2.0; +http://www.bing.com/bingbot.htm)"
173.44.37.250 - - [23/Oct/2014:09:20:07 -0400] "GET /scripts/user.js HTTP/1.1" 200 23762 "-" "Mozilla/4.0 (compatible; MSIE 8.0; Windows NT 6.0; Trident/4.0)"
173.44.37.250 - - [23/Oct/2014:09:20:07 -0400] "POST /scripts/'%20+http+%20action%20+' HTTP/1.1" 404 575 "http://www.applehillplayhouse.org/scripts/user.js" "Mozilla/4.0 (compatible; MSIE 8.0; Windows NT 6.0; Trident/4.0)"
66.116.62.178 - - [23/Oct/2014:09:22:28 -0400] "GET / HTTP/1.1" 200 67042 "http://www.bing.com/search?q=applehill+playhouse&src=IE-SearchBox&FORM=IE8SRC" "Mozilla/4.0 (compatible; MSIE 8.0; Windows NT 6.1; WOW64; Trident/4.0; SLCC2; .NET CLR 2.0.50727; .NET CLR 3.5.30729; .NET CLR 3.0.30729; Media Center PC 6.0; .NET4.0C; .NET4.0E; MS-RTC LM 8)"
66.116.62.178 - - [23/Oct/2014:09:22:29 -0400] "GET /scripts/ic_globals_published.js HTTP/1.1" 304 - "http://www.applehillplayhouse.org/" "Mozilla/4.0 (compatible; MSIE 8.0; Windows NT 6.1; WOW64; Trident/4.0; SLCC2; .NET CLR 2.0.50727; .NET CLR 3.5.30729; .NET CLR 3.0.30729; Media Center PC 6.0; .NET4.0C; .NET4.0E; MS-RTC LM 8)"
66.116.62.178 - - [23/Oct/2014:09:22:29 -0400] "GET /scripts/photoalbum.js HTTP/1.1" 304 - "http://www.applehillplayhouse.org/" "Mozilla/4.0 (compatible; MSIE 8.0; Windows NT 6.1; WOW64; Trident/4.0; SLCC2; .NET CLR 2.0.50727; .NET CLR 3.5.30729; .NET CLR 3.0.30729; Media Center PC 6.0; .NET4.0C; .NET4.0E; MS-RTC LM 8)"
66.116.62.178 - - [23/Oct/2014:09:22:29 -0400] "GET /scripts/user.js HTTP/1.1" 304 - "http://www.applehillplayhouse.org/" "Mozilla/4.0 (compatible; MSIE 8.0; Windows NT 6.1; WOW64; Trident/4.0; SLCC2; .NET CLR 2.0.50727; .NET CLR 3.5.30729; .NET CLR 3.0.30729; Media Center PC 6.0; .NET4.0C; .NET4.0E; MS-RTC LM 8)"
66.116.62.178 - - [23/Oct/2014:09:22:29 -0400] "GET /scripts/1custom.css HTTP/1.1" 200 3164 "http://www.applehillplayhouse.org/" "Mozilla/4.0 (compatible; MSIE 8.0; Windows NT 6.1; WOW64; Trident/4.0; SLCC2; .NET CLR 2.0.50727; .NET CLR 3.5.30729; .NET CLR 3.0.30729; Media Center PC 6.0; .NET4.0C; .NET4.0E; MS-RTC LM 8)"
66.116.62.178 - - [23/Oct/2014:09:22:29 -0400] "GET /scripts/print.css HTTP/1.1" 304 - "http://www.applehillplayhouse.org/" "Mozilla/4.0 (compatible; MSIE 8.0; Windows NT 6.1; WOW64; Trident/4.0; SLCC2; .NET CLR 2.0.50727; .NET CLR 3.5.30729; .NET CLR 3.0.30729; Media Center PC 6.0; .NET4.0C; .NET4.0E; MS-RTC LM 8)"
66.116.62.178 - - [23/Oct/2014:09:22:29 -0400] "GET /scripts/website.css HTTP/1.1" 304 - "http://www.applehillplayhouse.org/" "Mozilla/4.0 (compatible; MSIE 8.0; Windows NT 6.1; WOW64; Trident/4.0; SLCC2; .NET CLR 2.0.50727; .NET CLR 3.5.30729; .NET CLR 3.0.30729; Media Center PC 6.0; .NET4.0C; .NET4.0E; MS-RTC LM 8)"
66.116.62.178 - - [23/Oct/2014:09:22:29 -0400] "GET /scripts/icwebsiteelement.css HTTP/1.1" 304 - "http://www.applehillplayhouse.org/" "Mozilla/4.0 (compatible; MSIE 8.0; Windows NT 6.1; WOW64; Trident/4.0; SLCC2; .NET CLR 2.0.50727; .NET CLR 3.5.30729; .NET CLR 3.0.30729; Media Center PC 6.0; .NET4.0C; .NET4.0E; MS-RTC LM 8)"
66.116.62.178 - - [23/Oct/2014:09:22:29 -0400] "GET /scripts/template.css HTTP/1.1" 200 5617 "http://www.applehillplayhouse.org/" "Mozilla/4.0 (compatible; MSIE 8.0; Windows NT 6.1; WOW64; Trident/4.0; SLCC2; .NET CLR 2.0.50727; .NET CLR 3.5.30729; .NET CLR 3.0.30729; Media Center PC 6.0; .NET4.0C; .NET4.0E; MS-RTC LM 8)"
66.116.62.178 - - [23/Oct/2014:09:22:29 -0400] "GET /images/011109_1120_0010_lsls.jpg HTTP/1.1" 304 - "http://www.applehillplayhouse.org/" "Mozilla/4.0 (compatible; MSIE 8.0; Windows NT 6.1; WOW64; Trident/4.0; SLCC2; .NET CLR 2.0.50727; .NET CLR 3.5.30729; .NET CLR 3.0.30729; Media Center PC 6.0; .NET4.0C; .NET4.0E; MS-RTC LM 8)"
66.116.62.178 - - [23/Oct/2014:09:22:32 -0400] "GET /images/450_karin-maresh-thumb.jpg HTTP/1.1" 304 - "http://www.applehillplayhouse.org/" "Mozilla/4.0 (compatible; MSIE 8.0; Windows NT 6.1; WOW64; Trident/4.0; SLCC2; .NET CLR 2.0.50727; .NET CLR 3.5.30729; .NET CLR 3.0.30729; Media Center PC 6.0; .NET4.0C; .NET4.0E; MS-RTC LM 8)"
66.116.62.178 - - [23/Oct/2014:09:22:32 -0400] "GET /images/450_melissa-raichel-thumb.jpg HTTP/1.1" 304 - "http://www.applehillplayhouse.org/" "Mozilla/4.0 (compatible; MSIE 8.0; Windows NT 6.1; WOW64; Trident/4.0; SLCC2; .NET CLR 2.0.50727; .NET CLR 3.5.30729; .NET CLR 3.0.30729; Media Center PC 6.0; .NET4.0C; .NET4.0E; MS-RTC LM 8)"
66.116.62.178 - - [23/Oct/2014:09:22:32 -0400] "GET /images/450_Craig-Soich-thumb.jpg HTTP/1.1" 304 - "http://www.applehillplayhouse.org/" "Mozilla/4.0 (compatible; MSIE 8.0; Windows NT 6.1; WOW64; Trident/4.0; SLCC2; .NET CLR 2.0.50727; .NET CLR 3.5.30729; .NET CLR 3.0.30729; Media Center PC 6.0; .NET4.0C; .NET4.0E; MS-RTC LM 8)"
66.116.62.178 - - [23/Oct/2014:09:22:32 -0400] "GET /images/450_ellen-kalik-thumb.jpg HTTP/1.1" 304 - "http://www.applehillplayhouse.org/" "Mozilla/4.0 (compatible; MSIE 8.0; Windows NT 6.1; WOW64; Trident/4.0; SLCC2; .NET CLR 2.0.50727; .NET CLR 3.5.30729; .NET CLR 3.0.30729; Media Center PC 6.0; .NET4.0C; .NET4.0E; MS-RTC LM 8)"
66.116.62.178 - - [23/Oct/2014:09:22:32 -0400] "GET /images/450_rachel-nicely-thumb.jpg HTTP/1.1" 304 - "http://www.applehillplayhouse.org/" "Mozilla/4.0 (compatible; MSIE 8.0; Windows NT 6.1; WOW64; Trident/4.0; SLCC2; .NET CLR 2.0.50727; .NET CLR 3.5.30729; .NET CLR 3.0.30729; Media Center PC 6.0; .NET4.0C; .NET4.0E; MS-RTC LM 8)"
66.116.62.178 - - [23/Oct/2014:09:22:32 -0400] "GET /images/450_andy-nesky-thumb.jpg HTTP/1.1" 304 - "http://www.applehillplayhouse.org/" "Mozilla/4.0 (compatible; MSIE 8.0; Windows NT 6.1; WOW64; Trident/4.0; SLCC2; .NET CLR 2.0.50727; .NET CLR 3.5.30729; .NET CLR 3.0.30729; Media Center PC 6.0; .NET4.0C; .NET4.0E; MS-RTC LM 8)"
66.116.62.178 - - [23/Oct/2014:09:22:32 -0400] "GET /images/450_cindy-swanson-thumb.jpg HTTP/1.1" 304 - "http://www.applehillplayhouse.org/" "Mozilla/4.0 (compatible; MSIE 8.0; Windows NT 6.1; WOW64; Trident/4.0; SLCC2; .NET CLR 2.0.50727; .NET CLR 3.5.30729; .NET CLR 3.0.30729; Media Center PC 6.0; .NET4.0C; .NET4.0E; MS-RTC LM 8)"
66.116.62.178 - - [23/Oct/2014:09:22:33 -0400] "GET /images/450_clare-ratway-thumb.jpg HTTP/1.1" 304 - "http://www.applehillplayhouse.org/" "Mozilla/4.0 (compatible; MSIE 8.0; Windows NT 6.1; WOW64; Trident/4.0; SLCC2; .NET CLR 2.0.50727; .NET CLR 3.5.30729; .NET CLR 3.0.30729; Media Center PC 6.0; .NET4.0C; .NET4.0E; MS-RTC LM 8)"
66.116.62.178 - - [23/Oct/2014:09:22:33 -0400] "GET /images/450_megan-datsko-thumb.jpg HTTP/1.1" 304 - "http://www.applehillplayhouse.org/" "Mozilla/4.0 (compatible; MSIE 8.0; Windows NT 6.1; WOW64; Trident/4.0; SLCC2; .NET CLR 2.0.50727; .NET CLR 3.5.30729; .NET CLR 3.0.30729; Media Center PC 6.0; .NET4.0C; .NET4.0E; MS-RTC LM 8)"
66.116.62.178 - - [23/Oct/2014:09:22:33 -0400] "GET /images/450_kate-ohalloran-thumb.jpg HTTP/1.1" 304 - "http://www.applehillplayhouse.org/" "Mozilla/4.0 (compatible; MSIE 8.0; Windows NT 6.1; WOW64; Trident/4.0; SLCC2; .NET CLR 2.0.50727; .NET CLR 3.5.30729; .NET CLR 3.0.30729; Media Center PC 6.0; .NET4.0C; .NET4.0E; MS-RTC LM 8)"
66.116.62.178 - - [23/Oct/2014:09:22:33 -0400] "GET /images/450_rick-dutrow-thumb.jpg HTTP/1.1" 304 - "http://www.applehillplayhouse.org/" "Mozilla/4.0 (compatible; MSIE 8.0; Windows NT 6.1; WOW64; Trident/4.0; SLCC2; .NET CLR 2.0.50727; .NET CLR 3.5.30729; .NET CLR 3.0.30729; Media Center PC 6.0; .NET4.0C; .NET4.0E; MS-RTC LM 8)"
66.116.62.178 - - [23/Oct/2014:09:22:33 -0400] "GET /images/700_2CoD_back.jpg HTTP/1.1" 304 - "http://www.applehillplayhouse.org/" "Mozilla/4.0 (compatible; MSIE 8.0; Windows NT 6.1; WOW64; Trident/4.0; SLCC2; .NET CLR 2.0.50727; .NET CLR 3.5.30729; .NET CLR 3.0.30729; Media Center PC 6.0; .NET4.0C; .NET4.0E; MS-RTC LM 8)"
66.116.62.178 - - [23/Oct/2014:09:22:33 -0400] "GET /images/600_2CoD_blurb.jpg HTTP/1.1" 304 - "http://www.applehillplayhouse.org/" "Mozilla/4.0 (compatible; MSIE 8.0; Windows NT 6.1; WOW64; Trident/4.0; SLCC2; .NET CLR 2.0.50727; .NET CLR 3.5.30729; .NET CLR 3.0.30729; Media Center PC 6.0; .NET4.0C; .NET4.0E; MS-RTC LM 8)"
66.116.62.178 - - [23/Oct/2014:09:22:33 -0400] "GET /images/600_dirtypaper.jpg HTTP/1.1" 304 - "http://www.applehillplayhouse.org/" "Mozilla/4.0 (compatible; MSIE 8.0; Windows NT 6.1; WOW64; Trident/4.0; SLCC2; .NET CLR 2.0.50727; .NET CLR 3.5.30729; .NET CLR 3.0.30729; Media Center PC 6.0; .NET4.0C; .NET4.0E; MS-RTC LM 8)"
66.116.62.178 - - [23/Oct/2014:09:22:33 -0400] "GET /images/ic_068_content_bg_wide.png HTTP/1.1" 304 - "http://www.applehillplayhouse.org/" "Mozilla/4.0 (compatible; MSIE 8.0; Windows NT 6.1; WOW64; Trident/4.0; SLCC2; .NET CLR 2.0.50727; .NET CLR 3.5.30729; .NET CLR 3.0.30729; Media Center PC 6.0; .NET4.0C; .NET4.0E; MS-RTC LM 8)"
66.116.62.178 - - [23/Oct/2014:09:22:34 -0400] "GET /favicon.ico HTTP/1.1" 404 575 "-" "Mozilla/4.0 (compatible; MSIE 8.0; Windows NT 6.1; WOW64; Trident/4.0; SLCC2; .NET CLR 2.0.50727; .NET CLR 3.5.30729; .NET CLR 3.0.30729; Media Center PC 6.0; .NET4.0C; .NET4.0E; MS-RTC LM 8)"
66.116.62.178 - - [23/Oct/2014:09:23:03 -0400] "GET /2014mainstageseason.html HTTP/1.1" 200 24689 "http://www.applehillplayhouse.org/" "Mozilla/4.0 (compatible; MSIE 8.0; Windows NT 6.1; WOW64; Trident/4.0; SLCC2; .NET CLR 2.0.50727; .NET CLR 3.5.30729; .NET CLR 3.0.30729; Media Center PC 6.0; .NET4.0C; .NET4.0E; MS-RTC LM 8)"
66.116.62.178 - - [23/Oct/2014:09:23:04 -0400] "GET /scripts/35custom.css HTTP/1.1" 304 - "http://www.applehillplayhouse.org/2014mainstageseason.html" "Mozilla/4.0 (compatible; MSIE 8.0; Windows NT 6.1; WOW64; Trident/4.0; SLCC2; .NET CLR 2.0.50727; .NET CLR 3.5.30729; .NET CLR 3.0.30729; Media Center PC 6.0; .NET4.0C; .NET4.0E; MS-RTC LM 8)"
66.116.62.178 - - [23/Oct/2014:09:23:04 -0400] "GET /images/385_pond2.JPG HTTP/1.1" 304 - "http://www.applehillplayhouse.org/2014mainstageseason.html" "Mozilla/4.0 (compatible; MSIE 8.0; Windows NT 6.1; WOW64; Trident/4.0; SLCC2; .NET CLR 2.0.50727; .NET CLR 3.5.30729; .NET CLR 3.0.30729; Media Center PC 6.0; .NET4.0C; .NET4.0E; MS-RTC LM 8)"
66.116.62.178 - - [23/Oct/2014:09:23:04 -0400] "GET /favicon.ico HTTP/1.1" 404 575 "-" "Mozilla/4.0 (compatible; MSIE 8.0; Windows NT 6.1; WOW64; Trident/4.0; SLCC2; .NET CLR 2.0.50727; .NET CLR 3.5.30729; .NET CLR 3.0.30729; Media Center PC 6.0; .NET4.0C; .NET4.0E; MS-RTC LM 8)"
66.116.62.178 - - [23/Oct/2014:09:25:39 -0400] "GET /home.html HTTP/1.1" 200 67042 "http://www.applehillplayhouse.org/2014mainstageseason.html" "Mozilla/4.0 (compatible; MSIE 8.0; Windows NT 6.1; WOW64; Trident/4.0; SLCC2; .NET CLR 2.0.50727; .NET CLR 3.5.30729; .NET CLR 3.0.30729; Media Center PC 6.0; .NET4.0C; .NET4.0E; MS-RTC LM 8)"
66.116.62.178 - - [23/Oct/2014:09:25:40 -0400] "GET /scripts/ic_globals_published.js HTTP/1.1" 304 - "http://www.applehillplayhouse.org/home.html" "Mozilla/4.0 (compatible; MSIE 8.0; Windows NT 6.1; WOW64; Trident/4.0; SLCC2; .NET CLR 2.0.50727; .NET CLR 3.5.30729; .NET CLR 3.0.30729; Media Center PC 6.0; .NET4.0C; .NET4.0E; MS-RTC LM 8)"
66.116.62.178 - - [23/Oct/2014:09:25:40 -0400] "GET /scripts/photoalbum.js HTTP/1.1" 304 - "http://www.applehillplayhouse.org/home.html" "Mozilla/4.0 (compatible; MSIE 8.0; Windows NT 6.1; WOW64; Trident/4.0; SLCC2; .NET CLR 2.0.50727; .NET CLR 3.5.30729; .NET CLR 3.0.30729; Media Center PC 6.0; .NET4.0C; .NET4.0E; MS-RTC LM 8)"
66.116.62.178 - - [23/Oct/2014:09:25:40 -0400] "GET /scripts/user.js HTTP/1.1" 304 - "http://www.applehillplayhouse.org/home.html" "Mozilla/4.0 (compatible; MSIE 8.0; Windows NT 6.1; WOW64; Trident/4.0; SLCC2; .NET CLR 2.0.50727; .NET CLR 3.5.30729; .NET CLR 3.0.30729; Media Center PC 6.0; .NET4.0C; .NET4.0E; MS-RTC LM 8)"
66.116.62.178 - - [23/Oct/2014:09:25:40 -0400] "GET /scripts/website.css HTTP/1.1" 304 - "http://www.applehillplayhouse.org/home.html" "Mozilla/4.0 (compatible; MSIE 8.0; Windows NT 6.1; WOW64; Trident/4.0; SLCC2; .NET CLR 2.0.50727; .NET CLR 3.5.30729; .NET CLR 3.0.30729; Media Center PC 6.0; .NET4.0C; .NET4.0E; MS-RTC LM 8)"
66.116.62.178 - - [23/Oct/2014:09:25:40 -0400] "GET /scripts/template.css HTTP/1.1" 304 - "http://www.applehillplayhouse.org/home.html" "Mozilla/4.0 (compatible; MSIE 8.0; Windows NT 6.1; WOW64; Trident/4.0; SLCC2; .NET CLR 2.0.50727; .NET CLR 3.5.30729; .NET CLR 3.0.30729; Media Center PC 6.0; .NET4.0C; .NET4.0E; MS-RTC LM 8)"
66.116.62.178 - - [23/Oct/2014:09:25:40 -0400] "GET /scripts/1custom.css HTTP/1.1" 304 - "http://www.applehillplayhouse.org/home.html" "Mozilla/4.0 (compatible; MSIE 8.0; Windows NT 6.1; WOW64; Trident/4.0; SLCC2; .NET CLR 2.0.50727; .NET CLR 3.5.30729; .NET CLR 3.0.30729; Media Center PC 6.0; .NET4.0C; .NET4.0E; MS-RTC LM 8)"
66.116.62.178 - - [23/Oct/2014:09:25:40 -0400] "GET /scripts/print.css HTTP/1.1" 304 - "http://www.applehillplayhouse.org/home.html" "Mozilla/4.0 (compatible; MSIE 8.0; Windows NT 6.1; WOW64; Trident/4.0; SLCC2; .NET CLR 2.0.50727; .NET CLR 3.5.30729; .NET CLR 3.0.30729; Media Center PC 6.0; .NET4.0C; .NET4.0E; MS-RTC LM 8)"
66.116.62.178 - - [23/Oct/2014:09:25:40 -0400] "GET /scripts/icwebsiteelement.css HTTP/1.1" 304 - "http://www.applehillplayhouse.org/home.html" "Mozilla/4.0 (compatible; MSIE 8.0; Windows NT 6.1; WOW64; Trident/4.0; SLCC2; .NET CLR 2.0.50727; .NET CLR 3.5.30729; .NET CLR 3.0.30729; Media Center PC 6.0; .NET4.0C; .NET4.0E; MS-RTC LM 8)"
66.116.62.178 - - [23/Oct/2014:09:25:40 -0400] "GET /images/011109_1120_0010_lsls.jpg HTTP/1.1" 304 - "http://www.applehillplayhouse.org/home.html" "Mozilla/4.0 (compatible; MSIE 8.0; Windows NT 6.1; WOW64; Trident/4.0; SLCC2; .NET CLR 2.0.50727; .NET CLR 3.5.30729; .NET CLR 3.0.30729; Media Center PC 6.0; .NET4.0C; .NET4.0E; MS-RTC LM 8)"
66.116.62.178 - - [23/Oct/2014:09:25:40 -0400] "GET /images/450_karin-maresh-thumb.jpg HTTP/1.1" 304 - "http://www.applehillplayhouse.org/home.html" "Mozilla/4.0 (compatible; MSIE 8.0; Windows NT 6.1; WOW64; Trident/4.0; SLCC2; .NET CLR 2.0.50727; .NET CLR 3.5.30729; .NET CLR 3.0.30729; Media Center PC 6.0; .NET4.0C; .NET4.0E; MS-RTC LM 8)"
66.116.62.178 - - [23/Oct/2014:09:25:40 -0400] "GET /images/450_melissa-raichel-thumb.jpg HTTP/1.1" 304 - "http://www.applehillplayhouse.org/home.html" "Mozilla/4.0 (compatible; MSIE 8.0; Windows NT 6.1; WOW64; Trident/4.0; SLCC2; .NET CLR 2.0.50727; .NET CLR 3.5.30729; .NET CLR 3.0.30729; Media Center PC 6.0; .NET4.0C; .NET4.0E; MS-RTC LM 8)"
66.116.62.178 - - [23/Oct/2014:09:25:40 -0400] "GET /images/450_andy-nesky-thumb.jpg HTTP/1.1" 304 - "http://www.applehillplayhouse.org/home.html" "Mozilla/4.0 (compatible; MSIE 8.0; Windows NT 6.1; WOW64; Trident/4.0; SLCC2; .NET CLR 2.0.50727; .NET CLR 3.5.30729; .NET CLR 3.0.30729; Media Center PC 6.0; .NET4.0C; .NET4.0E; MS-RTC LM 8)"
66.116.62.178 - - [23/Oct/2014:09:25:40 -0400] "GET /images/450_Craig-Soich-thumb.jpg HTTP/1.1" 304 - "http://www.applehillplayhouse.org/home.html" "Mozilla/4.0 (compatible; MSIE 8.0; Windows NT 6.1; WOW64; Trident/4.0; SLCC2; .NET CLR 2.0.50727; .NET CLR 3.5.30729; .NET CLR 3.0.30729; Media Center PC 6.0; .NET4.0C; .NET4.0E; MS-RTC LM 8)"
66.116.62.178 - - [23/Oct/2014:09:25:40 -0400] "GET /images/450_rachel-nicely-thumb.jpg HTTP/1.1" 304 - "http://www.applehillplayhouse.org/home.html" "Mozilla/4.0 (compatible; MSIE 8.0; Windows NT 6.1; WOW64; Trident/4.0; SLCC2; .NET CLR 2.0.50727; .NET CLR 3.5.30729; .NET CLR 3.0.30729; Media Center PC 6.0; .NET4.0C; .NET4.0E; MS-RTC LM 8)"
66.116.62.178 - - [23/Oct/2014:09:25:40 -0400] "GET /images/450_cindy-swanson-thumb.jpg HTTP/1.1" 304 - "http://www.applehillplayhouse.org/home.html" "Mozilla/4.0 (compatible; MSIE 8.0; Windows NT 6.1; WOW64; Trident/4.0; SLCC2; .NET CLR 2.0.50727; .NET CLR 3.5.30729; .NET CLR 3.0.30729; Media Center PC 6.0; .NET4.0C; .NET4.0E; MS-RTC LM 8)"
66.116.62.178 - - [23/Oct/2014:09:25:40 -0400] "GET /images/450_clare-ratway-thumb.jpg HTTP/1.1" 304 - "http://www.applehillplayhouse.org/home.html" "Mozilla/4.0 (compatible; MSIE 8.0; Windows NT 6.1; WOW64; Trident/4.0; SLCC2; .NET CLR 2.0.50727; .NET CLR 3.5.30729; .NET CLR 3.0.30729; Media Center PC 6.0; .NET4.0C; .NET4.0E; MS-RTC LM 8)"
66.116.62.178 - - [23/Oct/2014:09:25:40 -0400] "GET /images/450_kate-ohalloran-thumb.jpg HTTP/1.1" 304 - "http://www.applehillplayhouse.org/home.html" "Mozilla/4.0 (compatible; MSIE 8.0; Windows NT 6.1; WOW64; Trident/4.0; SLCC2; .NET CLR 2.0.50727; .NET CLR 3.5.30729; .NET CLR 3.0.30729; Media Center PC 6.0; .NET4.0C; .NET4.0E; MS-RTC LM 8)"
66.116.62.178 - - [23/Oct/2014:09:25:40 -0400] "GET /images/450_rick-dutrow-thumb.jpg HTTP/1.1" 304 - "http://www.applehillplayhouse.org/home.html" "Mozilla/4.0 (compatible; MSIE 8.0; Windows NT 6.1; WOW64; Trident/4.0; SLCC2; .NET CLR 2.0.50727; .NET CLR 3.5.30729; .NET CLR 3.0.30729; Media Center PC 6.0; .NET4.0C; .NET4.0E; MS-RTC LM 8)"
66.116.62.178 - - [23/Oct/2014:09:25:40 -0400] "GET /images/450_megan-datsko-thumb.jpg HTTP/1.1" 304 - "http://www.applehillplayhouse.org/home.html" "Mozilla/4.0 (compatible; MSIE 8.0; Windows NT 6.1; WOW64; Trident/4.0; SLCC2; .NET CLR 2.0.50727; .NET CLR 3.5.30729; .NET CLR 3.0.30729; Media Center PC 6.0; .NET4.0C; .NET4.0E; MS-RTC LM 8)"
66.116.62.178 - - [23/Oct/2014:09:25:40 -0400] "GET /images/700_2CoD_back.jpg HTTP/1.1" 304 - "http://www.applehillplayhouse.org/home.html" "Mozilla/4.0 (compatible; MSIE 8.0; Windows NT 6.1; WOW64; Trident/4.0; SLCC2; .NET CLR 2.0.50727; .NET CLR 3.5.30729; .NET CLR 3.0.30729; Media Center PC 6.0; .NET4.0C; .NET4.0E; MS-RTC LM 8)"
